connection name conn2 for vlan 101 (r3.net0)
connection name conn3 for vlan 102 (r3.net1)