interface r3.net0 on connection normal1
interface r3.net1 on connection vlan_trunk1
interface r3.net2 on connection vlan_trunk2