interface r1.net0 on connection normal0
interface r1.net1 on connection normal1