connection name conn0 next to r1.net0
connection name conn1 next to r1.net1